To activate this project's virtualenv, run pipenv shell.
Alternatively, run a command inside the virtualenv with pipenv 
run.
Installing dependencies from Pipfile.lock (f8f835)...
Writing supplied requirement line to temporary file: 
"attrs==22.2.0; python_version >= '3.6' 
--hash=sha256:29e95c7f6778868dbd49170f98f8818f78f3dc5e0e37c0b1f
474e3561b240836 
--hash=sha256:c9227bfc2f01993c03f68db37d1d15c9690188323c067c641
f1a35ca58185f99"
Writing supplied requirement line to temporary file: 
"click==8.1.3; python_version >= '3.7' 
--hash=sha256:7682dc8afb30297001674575ea00d1814d808d6a36af415a8
2bd481d37ba7b8e 
--hash=sha256:bb4d8133cb15a609f44e8213d9b391b0809795062913b383c
62be0ee95b1db48"
Writing supplied requirement line to temporary file: 
"exceptiongroup==1.1.0; python_version < '3.11' 
--hash=sha256:327cbda3da756e2de031a3107b81ab7b3770a602c4d16ca61
8298c526f4bec1e 
--hash=sha256:bcb67d800a4497e1b404c2dd44fca47d3b7a5e5433dbab67f
96c1a685cdfdf23"
Writing supplied requirement line to temporary file: 
'flask==2.2.3 
--hash=sha256:7eb373984bf1c770023fce9db164ed0c3353cd0b53f130f46
93da0ca756a2e6d 
--hash=sha256:c0bec9477df1cb867e5a67c9e1ab758de9cb4a3e52dd70681
f59fa40a62b3f2d'
Writing supplied requirement line to temporary file: 
'flask-cors==3.0.10 
--hash=sha256:74efc975af1194fc7891ff5cd85b0f7478be4f7f59fe15810
2e91abb72bb4438 
--hash=sha256:b60839393f3b84a0f3746f6cdca56c1ad7426aa738b70d6c6
1375857823181de'
Writing supplied requirement line to temporary file: 
"iniconfig==2.0.0; python_version >= '3.7' 
--hash=sha256:2d91e135bf72d31a410b17c16da610a82cb55f6b0477d1a90
2134b24a455b8b3 
--hash=sha256:b6a85871a79d2e3b22d2d1b94ac2824226a63c6b741c88f7a
e975f18b6778374"
Writing supplied requirement line to temporary file: 
"itsdangerous==2.1.2; python_version >= '3.7' 
--hash=sha256:2c2349112351b88699d8d4b6b075022c0808887cb7ad10069
318a8b0bc88db44 
--hash=sha256:5dbbc68b317e5e42f327f9021763545dc3fc3bfe22e6deb96
aaf1fc38874156a"
Writing supplied requirement line to temporary file: 
"jinja2==3.1.2; python_version >= '3.7' 
--hash=sha256:31351a702a408a9e7595a8fc6150fc3f43bb6bf7e319770cb
c0db9df9437e852 
--hash=sha256:6088930bfe239f0e6710546ab9c19c9ef35e29792895fed6e
6e31a023a182a61"
Writing supplied requirement line to temporary file: 
"markupsafe==2.1.2; python_version >= '3.7' 
--hash=sha256:0576fe974b40a400449768941d5d0858cc624e3249dfd1e0c
33674e5c7ca7aed 
--hash=sha256:085fd3201e7b12809f9e6e9bc1e5c96a368c8523fad5afb02
afe3c051ae4afcc 
--hash=sha256:090376d812fb6ac5f171e5938e82e7f2d7adc2b629101cec0
db8b267815c85e2 
--hash=sha256:0b462104ba25f1ac006fdab8b6a01ebbfbce9ed37fd37fd4a
cd70c67c973e460 
--hash=sha256:137678c63c977754abe9086a3ec011e8fd985ab90631145df
b9294ad09c102a7 
--hash=sha256:1bea30e9bf331f3fef67e0a3877b2288593c98a21ccb2cf29
b74c581a4eb3af0 
--hash=sha256:22152d00bf4a9c7c83960521fc558f55a1adbc0631fbb00a9
471e097b19d72e1 
--hash=sha256:22731d79ed2eb25059ae3df1dfc9cb1546691cc41f4e3130f
e6bfbc3ecbbecfa 
--hash=sha256:2298c859cfc5463f1b64bd55cb3e602528db6fa0f3cfd568d
3605c50678f8f03 
--hash=sha256:28057e985dace2f478e042eaa15606c7efccb700797660629
da387eb289b9323 
--hash=sha256:2e7821bffe00aa6bd07a23913b7f4e01328c3d5cc0b40b36c
0bd81d362faeb65 
--hash=sha256:2ec4f2d48ae59bbb9d1f9d7efb9236ab81429a764dedca114
f5fdabbc3788013 
--hash=sha256:340bea174e9761308703ae988e982005aedf427de816d1afe
98147668cc03036 
--hash=sha256:40627dcf047dadb22cd25ea7ecfe9cbf3bbbad0482ee5920b
582f3809c97654f 
--hash=sha256:40dfd3fefbef579ee058f139733ac336312663c6706d1163b
82b3003fb1925c4 
--hash=sha256:4cf06cdc1dda95223e9d2d3c58d3b178aa5dacb35ee7e3bba
c10e4e1faacb419 
--hash=sha256:50c42830a633fa0cf9e7d27664637532791bfc31c731a87b2
02d2d8ac40c3ea2 
--hash=sha256:55f44b440d491028addb3b88f72207d71eeebfb7b5dbf0643
f7c023ae1fba619 
--hash=sha256:608e7073dfa9e38a85d38474c082d4281f4ce276ac0010224
eaba11e929dd53a 
--hash=sha256:63ba06c9941e46fa389d389644e2d8225e0e3e5ebcc4ff1ea
8506dce646f8c8a 
--hash=sha256:65608c35bfb8a76763f37036547f7adfd09270fbdbf96608b
e2bead319728fcd 
--hash=sha256:665a36ae6f8f20a4676b53224e33d456a6f5a72657d9c83c2
aa00765072f31f7 
--hash=sha256:6d6607f98fcf17e534162f0709aaad3ab7a96032723d8ac87
50ffe17ae5a0666 
--hash=sha256:7313ce6a199651c4ed9d7e4cfb4aa56fe923b1adf9af3b420
ee14e6d9a73df65 
--hash=sha256:7668b52e102d0ed87cb082380a7e2e1e78737ddecdde129ac
adb0eccc5423859 
--hash=sha256:7df70907e00c970c60b9ef2938d894a9381f38e6b9db73c5b
e35e59d92e06625 
--hash=sha256:7e007132af78ea9df29495dbf7b5824cb71648d7133cf7848
a2a5dd00d36f9ff 
--hash=sha256:835fb5e38fd89328e9c81067fd642b3593c33e1e17e2fdbf7
7f5676abb14a156 
--hash=sha256:8bca7e26c1dd751236cfb0c6c72d4ad61d986e9a41bbf76cb
445f69488b2a2bd 
--hash=sha256:8db032bf0ce9022a8e41a22598eefc802314e81b879ae093f
36ce9ddf39ab1ba 
--hash=sha256:99625a92da8229df6d44335e6fcc558a5037dd0a760e11d84
be2260e6f37002f 
--hash=sha256:9cad97ab29dfc3f0249b483412c85c8ef4766d96cdf9dcf5a
1e3caa3f3661cf1 
--hash=sha256:a4abaec6ca3ad8660690236d11bfe28dfd707778e2442b45a
ddd2f086d6ef094 
--hash=sha256:a6e40afa7f45939ca356f348c8e23048e02cb109ced1eb842
0961b2f40fb373a 
--hash=sha256:a6f2fcca746e8d5910e18782f976489939d54a91f9411c320
51b4aab2bd7c513 
--hash=sha256:a806db027852538d2ad7555b203300173dd1b77ba116de92d
a9afbc3a3be3eed 
--hash=sha256:abcabc8c2b26036d62d4c746381a6f7cf60aafcc653198ad6
78306986b09450d 
--hash=sha256:b8526c6d437855442cdd3d87eede9c425c4445ea011ca38d9
37db299382e6fa3 
--hash=sha256:bb06feb762bade6bf3c8b844462274db0c76acc95c52abe8d
bed28ae3d44a147 
--hash=sha256:c0a33bc9f02c2b17c3ea382f91b4db0e6cde90b63b296422a
939886a7a80de1c 
--hash=sha256:c4a549890a45f57f1ebf99c067a4ad0cb423a05544accaf2b
065246827ed9603 
--hash=sha256:ca244fa73f50a800cf8c3ebf7fd93149ec37f5cb9596aa887
3ae2c1d23498601 
--hash=sha256:cf877ab4ed6e302ec1d04952ca358b381a882fbd9d1b07ccc
bfd61783561f98a 
--hash=sha256:d9d971ec1e79906046aa3ca266de79eac42f1dbf3612a05dc
9368125952bd1a1 
--hash=sha256:da25303d91526aac3672ee6d49a2f3db2d9502a4a60b55519
feb1a4c7714e07d 
--hash=sha256:e55e40ff0cc8cc5c07996915ad367fa47da6b3fc091fdadca
7f5403239c5fec3 
--hash=sha256:f03a532d7dee1bed20bc4884194a16160a2de9ffc6354b387
8ec9682bb623c54 
--hash=sha256:f1cd098434e83e656abf198f103a8207a8187c0fc11030669
1a2e94a78d0abb2 
--hash=sha256:f2bfb563d0211ce16b63c7cb9395d2c682a23187f54c3d79b
fec33e6705473c6 
--hash=sha256:f8ffb705ffcf5ddd0e80b65ddf7bed7ee4f5a441ea7d3419e
861a12eaf41af58"
Writing supplied requirement line to temporary file: 
"packaging==23.0; python_version >= '3.7' 
--hash=sha256:714ac14496c3e68c99c29b00845f7a2b85f3bb6f1078fd9f7
2fd20f0570002b2 
--hash=sha256:b6ad297f8907de0fa2fe1ccbd26fdaf387f5f47c7275fedf8
cce89f99446cf97"
Writing supplied requirement line to temporary file: 
"pluggy==1.0.0; python_version >= '3.6' 
--hash=sha256:4224373bacce55f955a878bf9cfa763c1e360858e33007205
9e10bad68531159 
--hash=sha256:74134bbf457f031a36d68416e1509f34bd5ccc019f0bcc952
c7b909d06b37bd3"
Writing supplied requirement line to temporary file: 
'pytest==7.2.1 
--hash=sha256:c7c6ca206e93355074ae32f7403e8ea12163b1163c976fee7
d4d84027c162be5 
--hash=sha256:d45e0952f3727241918b8fd0f376f5ff6b301cc0777c6f9a5
56935c92d8a7d42'
Writing supplied requirement line to temporary file: 
"six==1.16.0; python_version >= '2.7' and python_version not in
'3.0, 3.1, 3.2, 3.3' 
--hash=sha256:1e61c37477a1626458e36f7b1d82aa5c9b094fa4802892072
e49de9c60c4c926 
--hash=sha256:8abb2f1d86890a2dfb989f9a77cfcfd3e47c2a354b0111177
1326f8aa26e0254"
Writing supplied requirement line to temporary file: 
"tomli==2.0.1; python_version < '3.11' 
--hash=sha256:939de3e7a6161af0c887ef91b7d41a53e7c5a1ca976325f42
9cb46ea9bc30ecc 
--hash=sha256:de526c12914f0c550d15924c62d72abc48d6fe7364aa87328
337a31007fe8a4f"
Writing supplied requirement line to temporary file: 
'uwsgi==2.0.21 
--hash=sha256:35a30d83791329429bc04fe44183ce4ab512fcf6968070a7b
fba42fc5a0552a9'
Writing supplied requirement line to temporary file: 
"werkzeug==2.2.3; python_version >= '3.7' 
--hash=sha256:2e1ccc9417d4da358b9de6f174e3ac094391ea1d4fbef2d66
7865d819dfd0afe 
--hash=sha256:56433961bc1f12533306c624f3be5e744389ac61d722175d5
43e1751285da612"
Using source directory: 
PosixPath('/root/.local/share/virtualenvs/backend-c1cR_ZLv/src'
)
Install Phase: Standard Requirements
Preparing Installation of "attrs==22.2.0; python_version >= 
'3.6' 
--hash=sha256:29e95c7f6778868dbd49170f98f8818f78f3dc5e0e37c0b1f
474e3561b240836 
--hash=sha256:c9227bfc2f01993c03f68db37d1d15c9690188323c067c641
f1a35ca58185f99"
Preparing Installation of "click==8.1.3; python_version >= 
'3.7' 
--hash=sha256:7682dc8afb30297001674575ea00d1814d808d6a36af415a8
2bd481d37ba7b8e 
--hash=sha256:bb4d8133cb15a609f44e8213d9b391b0809795062913b383c
62be0ee95b1db48"
Preparing Installation of "exceptiongroup==1.1.0; 
python_version < '3.11' 
--hash=sha256:327cbda3da756e2de031a3107b81ab7b3770a602c4d16ca61
8298c526f4bec1e 
--hash=sha256:bcb67d800a4497e1b404c2dd44fca47d3b7a5e5433dbab67f
96c1a685cdfdf23"
Preparing Installation of 'flask==2.2.3 
--hash=sha256:7eb373984bf1c770023fce9db164ed0c3353cd0b53f130f46
93da0ca756a2e6d 
--hash=sha256:c0bec9477df1cb867e5a67c9e1ab758de9cb4a3e52dd70681
f59fa40a62b3f2d'
Preparing Installation of 'flask-cors==3.0.10 
--hash=sha256:74efc975af1194fc7891ff5cd85b0f7478be4f7f59fe15810
2e91abb72bb4438 
--hash=sha256:b60839393f3b84a0f3746f6cdca56c1ad7426aa738b70d6c6
1375857823181de'
Preparing Installation of "iniconfig==2.0.0; python_version >= 
'3.7' 
--hash=sha256:2d91e135bf72d31a410b17c16da610a82cb55f6b0477d1a90
2134b24a455b8b3 
--hash=sha256:b6a85871a79d2e3b22d2d1b94ac2824226a63c6b741c88f7a
e975f18b6778374"
Preparing Installation of "itsdangerous==2.1.2; python_version 
>= '3.7' 
--hash=sha256:2c2349112351b88699d8d4b6b075022c0808887cb7ad10069
318a8b0bc88db44 
--hash=sha256:5dbbc68b317e5e42f327f9021763545dc3fc3bfe22e6deb96
aaf1fc38874156a"
Preparing Installation of "jinja2==3.1.2; python_version >= 
'3.7' 
--hash=sha256:31351a702a408a9e7595a8fc6150fc3f43bb6bf7e319770cb
c0db9df9437e852 
--hash=sha256:6088930bfe239f0e6710546ab9c19c9ef35e29792895fed6e
6e31a023a182a61"
Preparing Installation of "markupsafe==2.1.2; python_version >=
'3.7' 
--hash=sha256:0576fe974b40a400449768941d5d0858cc624e3249dfd1e0c
33674e5c7ca7aed 
--hash=sha256:085fd3201e7b12809f9e6e9bc1e5c96a368c8523fad5afb02
afe3c051ae4afcc 
--hash=sha256:090376d812fb6ac5f171e5938e82e7f2d7adc2b629101cec0
db8b267815c85e2 
--hash=sha256:0b462104ba25f1ac006fdab8b6a01ebbfbce9ed37fd37fd4a
cd70c67c973e460 
--hash=sha256:137678c63c977754abe9086a3ec011e8fd985ab90631145df
b9294ad09c102a7 
--hash=sha256:1bea30e9bf331f3fef67e0a3877b2288593c98a21ccb2cf29
b74c581a4eb3af0 
--hash=sha256:22152d00bf4a9c7c83960521fc558f55a1adbc0631fbb00a9
471e097b19d72e1 
--hash=sha256:22731d79ed2eb25059ae3df1dfc9cb1546691cc41f4e3130f
e6bfbc3ecbbecfa 
--hash=sha256:2298c859cfc5463f1b64bd55cb3e602528db6fa0f3cfd568d
3605c50678f8f03 
--hash=sha256:28057e985dace2f478e042eaa15606c7efccb700797660629
da387eb289b9323 
--hash=sha256:2e7821bffe00aa6bd07a23913b7f4e01328c3d5cc0b40b36c
0bd81d362faeb65 
--hash=sha256:2ec4f2d48ae59bbb9d1f9d7efb9236ab81429a764dedca114
f5fdabbc3788013 
--hash=sha256:340bea174e9761308703ae988e982005aedf427de816d1afe
98147668cc03036 
--hash=sha256:40627dcf047dadb22cd25ea7ecfe9cbf3bbbad0482ee5920b
582f3809c97654f 
--hash=sha256:40dfd3fefbef579ee058f139733ac336312663c6706d1163b
82b3003fb1925c4 
--hash=sha256:4cf06cdc1dda95223e9d2d3c58d3b178aa5dacb35ee7e3bba
c10e4e1faacb419 
--hash=sha256:50c42830a633fa0cf9e7d27664637532791bfc31c731a87b2
02d2d8ac40c3ea2 
--hash=sha256:55f44b440d491028addb3b88f72207d71eeebfb7b5dbf0643
f7c023ae1fba619 
--hash=sha256:608e7073dfa9e38a85d38474c082d4281f4ce276ac0010224
eaba11e929dd53a 
--hash=sha256:63ba06c9941e46fa389d389644e2d8225e0e3e5ebcc4ff1ea
8506dce646f8c8a 
--hash=sha256:65608c35bfb8a76763f37036547f7adfd09270fbdbf96608b
e2bead319728fcd 
--hash=sha256:665a36ae6f8f20a4676b53224e33d456a6f5a72657d9c83c2
aa00765072f31f7 
--hash=sha256:6d6607f98fcf17e534162f0709aaad3ab7a96032723d8ac87
50ffe17ae5a0666 
--hash=sha256:7313ce6a199651c4ed9d7e4cfb4aa56fe923b1adf9af3b420
ee14e6d9a73df65 
--hash=sha256:7668b52e102d0ed87cb082380a7e2e1e78737ddecdde129ac
adb0eccc5423859 
--hash=sha256:7df70907e00c970c60b9ef2938d894a9381f38e6b9db73c5b
e35e59d92e06625 
--hash=sha256:7e007132af78ea9df29495dbf7b5824cb71648d7133cf7848
a2a5dd00d36f9ff 
--hash=sha256:835fb5e38fd89328e9c81067fd642b3593c33e1e17e2fdbf7
7f5676abb14a156 
--hash=sha256:8bca7e26c1dd751236cfb0c6c72d4ad61d986e9a41bbf76cb
445f69488b2a2bd 
--hash=sha256:8db032bf0ce9022a8e41a22598eefc802314e81b879ae093f
36ce9ddf39ab1ba 
--hash=sha256:99625a92da8229df6d44335e6fcc558a5037dd0a760e11d84
be2260e6f37002f 
--hash=sha256:9cad97ab29dfc3f0249b483412c85c8ef4766d96cdf9dcf5a
1e3caa3f3661cf1 
--hash=sha256:a4abaec6ca3ad8660690236d11bfe28dfd707778e2442b45a
ddd2f086d6ef094 
--hash=sha256:a6e40afa7f45939ca356f348c8e23048e02cb109ced1eb842
0961b2f40fb373a 
--hash=sha256:a6f2fcca746e8d5910e18782f976489939d54a91f9411c320
51b4aab2bd7c513 
--hash=sha256:a806db027852538d2ad7555b203300173dd1b77ba116de92d
a9afbc3a3be3eed 
--hash=sha256:abcabc8c2b26036d62d4c746381a6f7cf60aafcc653198ad6
78306986b09450d 
--hash=sha256:b8526c6d437855442cdd3d87eede9c425c4445ea011ca38d9
37db299382e6fa3 
--hash=sha256:bb06feb762bade6bf3c8b844462274db0c76acc95c52abe8d
bed28ae3d44a147 
--hash=sha256:c0a33bc9f02c2b17c3ea382f91b4db0e6cde90b63b296422a
939886a7a80de1c 
--hash=sha256:c4a549890a45f57f1ebf99c067a4ad0cb423a05544accaf2b
065246827ed9603 
--hash=sha256:ca244fa73f50a800cf8c3ebf7fd93149ec37f5cb9596aa887
3ae2c1d23498601 
--hash=sha256:cf877ab4ed6e302ec1d04952ca358b381a882fbd9d1b07ccc
bfd61783561f98a 
--hash=sha256:d9d971ec1e79906046aa3ca266de79eac42f1dbf3612a05dc
9368125952bd1a1 
--hash=sha256:da25303d91526aac3672ee6d49a2f3db2d9502a4a60b55519
feb1a4c7714e07d 
--hash=sha256:e55e40ff0cc8cc5c07996915ad367fa47da6b3fc091fdadca
7f5403239c5fec3 
--hash=sha256:f03a532d7dee1bed20bc4884194a16160a2de9ffc6354b387
8ec9682bb623c54 
--hash=sha256:f1cd098434e83e656abf198f103a8207a8187c0fc11030669
1a2e94a78d0abb2 
--hash=sha256:f2bfb563d0211ce16b63c7cb9395d2c682a23187f54c3d79b
fec33e6705473c6 
--hash=sha256:f8ffb705ffcf5ddd0e80b65ddf7bed7ee4f5a441ea7d3419e
861a12eaf41af58"
Preparing Installation of "packaging==23.0; python_version >= 
'3.7' 
--hash=sha256:714ac14496c3e68c99c29b00845f7a2b85f3bb6f1078fd9f7
2fd20f0570002b2 
--hash=sha256:b6ad297f8907de0fa2fe1ccbd26fdaf387f5f47c7275fedf8
cce89f99446cf97"
Preparing Installation of "pluggy==1.0.0; python_version >= 
'3.6' 
--hash=sha256:4224373bacce55f955a878bf9cfa763c1e360858e33007205
9e10bad68531159 
--hash=sha256:74134bbf457f031a36d68416e1509f34bd5ccc019f0bcc952
c7b909d06b37bd3"
Preparing Installation of 'pytest==7.2.1 
--hash=sha256:c7c6ca206e93355074ae32f7403e8ea12163b1163c976fee7
d4d84027c162be5 
--hash=sha256:d45e0952f3727241918b8fd0f376f5ff6b301cc0777c6f9a5
56935c92d8a7d42'
Preparing Installation of "six==1.16.0; python_version >= '2.7'
and python_version not in '3.0, 3.1, 3.2, 3.3' 
--hash=sha256:1e61c37477a1626458e36f7b1d82aa5c9b094fa4802892072
e49de9c60c4c926 
--hash=sha256:8abb2f1d86890a2dfb989f9a77cfcfd3e47c2a354b0111177
1326f8aa26e0254"
Preparing Installation of "tomli==2.0.1; python_version < 
'3.11' 
--hash=sha256:939de3e7a6161af0c887ef91b7d41a53e7c5a1ca976325f42
9cb46ea9bc30ecc 
--hash=sha256:de526c12914f0c550d15924c62d72abc48d6fe7364aa87328
337a31007fe8a4f"
Preparing Installation of 'uwsgi==2.0.21 
--hash=sha256:35a30d83791329429bc04fe44183ce4ab512fcf6968070a7b
fba42fc5a0552a9'
Preparing Installation of "werkzeug==2.2.3; python_version >= 
'3.7' 
--hash=sha256:2e1ccc9417d4da358b9de6f174e3ac094391ea1d4fbef2d66
7865d819dfd0afe 
--hash=sha256:56433961bc1f12533306c624f3be5e744389ac61d722175d5
43e1751285da612"
$ /root/.local/share/virtualenvs/backend-c1cR_ZLv/bin/python 
/usr/local/lib/python3.10/dist-packages/pipenv/patched/pip/__pi
p-runner__.py install -i https://pypi.org/simple --no-input 
--upgrade --no-deps -r 
/tmp/pipenv-0qke1ocl-requirements/pipenv-bs60sw7e-hashed-reqs.t
xt
Collecting attrs==22.2.0 (from -r 
/tmp/pipenv-0qke1ocl-requirements/pipenv-bs60sw7e-hashed-reqs.t
xt (line 1))

  Using cached attrs-22.2.0-py3-none-any.whl (60 kB)

Collecting click==8.1.3 (from -r 
/tmp/pipenv-0qke1ocl-requirements/pipenv-bs60sw7e-hashed-reqs.t
xt (line 2))

  Using cached click-8.1.3-py3-none-any.whl (96 kB)

Collecting exceptiongroup==1.1.0 (from -r 
/tmp/pipenv-0qke1ocl-requirements/pipenv-bs60sw7e-hashed-reqs.t
xt (line 3))

  Using cached exceptiongroup-1.1.0-py3-none-any.whl (14 kB)

Collecting flask==2.2.3 (from -r 
/tmp/pipenv-0qke1ocl-requirements/pipenv-bs60sw7e-hashed-reqs.t
xt (line 4))

  Using cached Flask-2.2.3-py3-none-any.whl (101 kB)

Collecting flask-cors==3.0.10 (from -r 
/tmp/pipenv-0qke1ocl-requirements/pipenv-bs60sw7e-hashed-reqs.t
xt (line 5))

  Using cached Flask_Cors-3.0.10-py2.py3-none-any.whl (14 kB)

Collecting iniconfig==2.0.0 (from -r 
/tmp/pipenv-0qke1ocl-requirements/pipenv-bs60sw7e-hashed-reqs.t
xt (line 6))

  Using cached iniconfig-2.0.0-py3-none-any.whl (5.9 kB)

Collecting itsdangerous==2.1.2 (from -r 
/tmp/pipenv-0qke1ocl-requirements/pipenv-bs60sw7e-hashed-reqs.t
xt (line 7))

  Using cached itsdangerous-2.1.2-py3-none-any.whl (15 kB)

Collecting jinja2==3.1.2 (from -r 
/tmp/pipenv-0qke1ocl-requirements/pipenv-bs60sw7e-hashed-reqs.t
xt (line 8))

  Using cached Jinja2-3.1.2-py3-none-any.whl (133 kB)

Collecting markupsafe==2.1.2 (from -r 
/tmp/pipenv-0qke1ocl-requirements/pipenv-bs60sw7e-hashed-reqs.t
xt (line 9))

  Using cached 
MarkupSafe-2.1.2-cp310-cp310-manylinux_2_17_x86_64.manylinux201
4_x86_64.whl (25 kB)

Collecting packaging==23.0 (from -r 
/tmp/pipenv-0qke1ocl-requirements/pipenv-bs60sw7e-hashed-reqs.t
xt (line 10))

  Using cached packaging-23.0-py3-none-any.whl (42 kB)

Collecting pluggy==1.0.0 (from -r 
/tmp/pipenv-0qke1ocl-requirements/pipenv-bs60sw7e-hashed-reqs.t
xt (line 11))

  Using cached pluggy-1.0.0-py2.py3-none-any.whl (13 kB)

Collecting pytest==7.2.1 (from -r 
/tmp/pipenv-0qke1ocl-requirements/pipenv-bs60sw7e-hashed-reqs.t
xt (line 12))

  Using cached pytest-7.2.1-py3-none-any.whl (317 kB)

Collecting six==1.16.0 (from -r 
/tmp/pipenv-0qke1ocl-requirements/pipenv-bs60sw7e-hashed-reqs.t
xt (line 13))

  Using cached six-1.16.0-py2.py3-none-any.whl (11 kB)

Collecting tomli==2.0.1 (from -r 
/tmp/pipenv-0qke1ocl-requirements/pipenv-bs60sw7e-hashed-reqs.t
xt (line 14))

  Using cached tomli-2.0.1-py3-none-any.whl (12 kB)

Collecting uwsgi==2.0.21 (from -r 
/tmp/pipenv-0qke1ocl-requirements/pipenv-bs60sw7e-hashed-reqs.t
xt (line 15))

  Using cached uwsgi-2.0.21.tar.gz (808 kB)

  Installing build dependencies: started

  Installing build dependencies: finished with status 'done'

  Getting requirements to build wheel: started

  Getting requirements to build wheel: finished with status 
'done'

  Preparing metadata (pyproject.toml): started

  Preparing metadata (pyproject.toml): finished with status 
'done'

Collecting werkzeug==2.2.3 (from -r 
/tmp/pipenv-0qke1ocl-requirements/pipenv-bs60sw7e-hashed-reqs.t
xt (line 16))

  Using cached Werkzeug-2.2.3-py3-none-any.whl (233 kB)

Building wheels for collected packages: uwsgi

  Building wheel for uwsgi (pyproject.toml): started

  Building wheel for uwsgi (pyproject.toml): finished with 
status 'error'

Failed to build uwsgi

Install Phase: Editable Requirements
Preparing Installation of "attrs==22.2.0; python_version >= 
'3.6' 
--hash=sha256:29e95c7f6778868dbd49170f98f8818f78f3dc5e0e37c0b1f
474e3561b240836 
--hash=sha256:c9227bfc2f01993c03f68db37d1d15c9690188323c067c641
f1a35ca58185f99"
Preparing Installation of "click==8.1.3; python_version >= 
'3.7' 
--hash=sha256:7682dc8afb30297001674575ea00d1814d808d6a36af415a8
2bd481d37ba7b8e 
--hash=sha256:bb4d8133cb15a609f44e8213d9b391b0809795062913b383c
62be0ee95b1db48"
Preparing Installation of "exceptiongroup==1.1.0; 
python_version < '3.11' 
--hash=sha256:327cbda3da756e2de031a3107b81ab7b3770a602c4d16ca61
8298c526f4bec1e 
--hash=sha256:bcb67d800a4497e1b404c2dd44fca47d3b7a5e5433dbab67f
96c1a685cdfdf23"
Preparing Installation of 'flask==2.2.3 
--hash=sha256:7eb373984bf1c770023fce9db164ed0c3353cd0b53f130f46
93da0ca756a2e6d 
--hash=sha256:c0bec9477df1cb867e5a67c9e1ab758de9cb4a3e52dd70681
f59fa40a62b3f2d'
Preparing Installation of 'flask-cors==3.0.10 
--hash=sha256:74efc975af1194fc7891ff5cd85b0f7478be4f7f59fe15810
2e91abb72bb4438 
--hash=sha256:b60839393f3b84a0f3746f6cdca56c1ad7426aa738b70d6c6
1375857823181de'
Preparing Installation of "iniconfig==2.0.0; python_version >= 
'3.7' 
--hash=sha256:2d91e135bf72d31a410b17c16da610a82cb55f6b0477d1a90
2134b24a455b8b3 
--hash=sha256:b6a85871a79d2e3b22d2d1b94ac2824226a63c6b741c88f7a
e975f18b6778374"
Preparing Installation of "itsdangerous==2.1.2; python_version 
>= '3.7' 
--hash=sha256:2c2349112351b88699d8d4b6b075022c0808887cb7ad10069
318a8b0bc88db44 
--hash=sha256:5dbbc68b317e5e42f327f9021763545dc3fc3bfe22e6deb96
aaf1fc38874156a"
Preparing Installation of "jinja2==3.1.2; python_version >= 
'3.7' 
--hash=sha256:31351a702a408a9e7595a8fc6150fc3f43bb6bf7e319770cb
c0db9df9437e852 
--hash=sha256:6088930bfe239f0e6710546ab9c19c9ef35e29792895fed6e
6e31a023a182a61"
Preparing Installation of "markupsafe==2.1.2; python_version >=
'3.7' 
--hash=sha256:0576fe974b40a400449768941d5d0858cc624e3249dfd1e0c
33674e5c7ca7aed 
--hash=sha256:085fd3201e7b12809f9e6e9bc1e5c96a368c8523fad5afb02
afe3c051ae4afcc 
--hash=sha256:090376d812fb6ac5f171e5938e82e7f2d7adc2b629101cec0
db8b267815c85e2 
--hash=sha256:0b462104ba25f1ac006fdab8b6a01ebbfbce9ed37fd37fd4a
cd70c67c973e460 
--hash=sha256:137678c63c977754abe9086a3ec011e8fd985ab90631145df
b9294ad09c102a7 
--hash=sha256:1bea30e9bf331f3fef67e0a3877b2288593c98a21ccb2cf29
b74c581a4eb3af0 
--hash=sha256:22152d00bf4a9c7c83960521fc558f55a1adbc0631fbb00a9
471e097b19d72e1 
--hash=sha256:22731d79ed2eb25059ae3df1dfc9cb1546691cc41f4e3130f
e6bfbc3ecbbecfa 
--hash=sha256:2298c859cfc5463f1b64bd55cb3e602528db6fa0f3cfd568d
3605c50678f8f03 
--hash=sha256:28057e985dace2f478e042eaa15606c7efccb700797660629
da387eb289b9323 
--hash=sha256:2e7821bffe00aa6bd07a23913b7f4e01328c3d5cc0b40b36c
0bd81d362faeb65 
--hash=sha256:2ec4f2d48ae59bbb9d1f9d7efb9236ab81429a764dedca114
f5fdabbc3788013 
--hash=sha256:340bea174e9761308703ae988e982005aedf427de816d1afe
98147668cc03036 
--hash=sha256:40627dcf047dadb22cd25ea7ecfe9cbf3bbbad0482ee5920b
582f3809c97654f 
--hash=sha256:40dfd3fefbef579ee058f139733ac336312663c6706d1163b
82b3003fb1925c4 
--hash=sha256:4cf06cdc1dda95223e9d2d3c58d3b178aa5dacb35ee7e3bba
c10e4e1faacb419 
--hash=sha256:50c42830a633fa0cf9e7d27664637532791bfc31c731a87b2
02d2d8ac40c3ea2 
--hash=sha256:55f44b440d491028addb3b88f72207d71eeebfb7b5dbf0643
f7c023ae1fba619 
--hash=sha256:608e7073dfa9e38a85d38474c082d4281f4ce276ac0010224
eaba11e929dd53a 
--hash=sha256:63ba06c9941e46fa389d389644e2d8225e0e3e5ebcc4ff1ea
8506dce646f8c8a 
--hash=sha256:65608c35bfb8a76763f37036547f7adfd09270fbdbf96608b
e2bead319728fcd 
--hash=sha256:665a36ae6f8f20a4676b53224e33d456a6f5a72657d9c83c2
aa00765072f31f7 
--hash=sha256:6d6607f98fcf17e534162f0709aaad3ab7a96032723d8ac87
50ffe17ae5a0666 
--hash=sha256:7313ce6a199651c4ed9d7e4cfb4aa56fe923b1adf9af3b420
ee14e6d9a73df65 
--hash=sha256:7668b52e102d0ed87cb082380a7e2e1e78737ddecdde129ac
adb0eccc5423859 
--hash=sha256:7df70907e00c970c60b9ef2938d894a9381f38e6b9db73c5b
e35e59d92e06625 
--hash=sha256:7e007132af78ea9df29495dbf7b5824cb71648d7133cf7848
a2a5dd00d36f9ff 
--hash=sha256:835fb5e38fd89328e9c81067fd642b3593c33e1e17e2fdbf7
7f5676abb14a156 
--hash=sha256:8bca7e26c1dd751236cfb0c6c72d4ad61d986e9a41bbf76cb
445f69488b2a2bd 
--hash=sha256:8db032bf0ce9022a8e41a22598eefc802314e81b879ae093f
36ce9ddf39ab1ba 
--hash=sha256:99625a92da8229df6d44335e6fcc558a5037dd0a760e11d84
be2260e6f37002f 
--hash=sha256:9cad97ab29dfc3f0249b483412c85c8ef4766d96cdf9dcf5a
1e3caa3f3661cf1 
--hash=sha256:a4abaec6ca3ad8660690236d11bfe28dfd707778e2442b45a
ddd2f086d6ef094 
--hash=sha256:a6e40afa7f45939ca356f348c8e23048e02cb109ced1eb842
0961b2f40fb373a 
--hash=sha256:a6f2fcca746e8d5910e18782f976489939d54a91f9411c320
51b4aab2bd7c513 
--hash=sha256:a806db027852538d2ad7555b203300173dd1b77ba116de92d
a9afbc3a3be3eed 
--hash=sha256:abcabc8c2b26036d62d4c746381a6f7cf60aafcc653198ad6
78306986b09450d 
--hash=sha256:b8526c6d437855442cdd3d87eede9c425c4445ea011ca38d9
37db299382e6fa3 
--hash=sha256:bb06feb762bade6bf3c8b844462274db0c76acc95c52abe8d
bed28ae3d44a147 
--hash=sha256:c0a33bc9f02c2b17c3ea382f91b4db0e6cde90b63b296422a
939886a7a80de1c 
--hash=sha256:c4a549890a45f57f1ebf99c067a4ad0cb423a05544accaf2b
065246827ed9603 
--hash=sha256:ca244fa73f50a800cf8c3ebf7fd93149ec37f5cb9596aa887
3ae2c1d23498601 
--hash=sha256:cf877ab4ed6e302ec1d04952ca358b381a882fbd9d1b07ccc
bfd61783561f98a 
--hash=sha256:d9d971ec1e79906046aa3ca266de79eac42f1dbf3612a05dc
9368125952bd1a1 
--hash=sha256:da25303d91526aac3672ee6d49a2f3db2d9502a4a60b55519
feb1a4c7714e07d 
--hash=sha256:e55e40ff0cc8cc5c07996915ad367fa47da6b3fc091fdadca
7f5403239c5fec3 
--hash=sha256:f03a532d7dee1bed20bc4884194a16160a2de9ffc6354b387
8ec9682bb623c54 
--hash=sha256:f1cd098434e83e656abf198f103a8207a8187c0fc11030669
1a2e94a78d0abb2 
--hash=sha256:f2bfb563d0211ce16b63c7cb9395d2c682a23187f54c3d79b
fec33e6705473c6 
--hash=sha256:f8ffb705ffcf5ddd0e80b65ddf7bed7ee4f5a441ea7d3419e
861a12eaf41af58"
Preparing Installation of "packaging==23.0; python_version >= 
'3.7' 
--hash=sha256:714ac14496c3e68c99c29b00845f7a2b85f3bb6f1078fd9f7
2fd20f0570002b2 
--hash=sha256:b6ad297f8907de0fa2fe1ccbd26fdaf387f5f47c7275fedf8
cce89f99446cf97"
Preparing Installation of "pluggy==1.0.0; python_version >= 
'3.6' 
--hash=sha256:4224373bacce55f955a878bf9cfa763c1e360858e33007205
9e10bad68531159 
--hash=sha256:74134bbf457f031a36d68416e1509f34bd5ccc019f0bcc952
c7b909d06b37bd3"
Preparing Installation of 'pytest==7.2.1 
--hash=sha256:c7c6ca206e93355074ae32f7403e8ea12163b1163c976fee7
d4d84027c162be5 
--hash=sha256:d45e0952f3727241918b8fd0f376f5ff6b301cc0777c6f9a5
56935c92d8a7d42'
Preparing Installation of "six==1.16.0; python_version >= '2.7'
and python_version not in '3.0, 3.1, 3.2, 3.3' 
--hash=sha256:1e61c37477a1626458e36f7b1d82aa5c9b094fa4802892072
e49de9c60c4c926 
--hash=sha256:8abb2f1d86890a2dfb989f9a77cfcfd3e47c2a354b0111177
1326f8aa26e0254"
Preparing Installation of "tomli==2.0.1; python_version < 
'3.11' 
--hash=sha256:939de3e7a6161af0c887ef91b7d41a53e7c5a1ca976325f42
9cb46ea9bc30ecc 
--hash=sha256:de526c12914f0c550d15924c62d72abc48d6fe7364aa87328
337a31007fe8a4f"
Preparing Installation of 'uwsgi==2.0.21 
--hash=sha256:35a30d83791329429bc04fe44183ce4ab512fcf6968070a7b
fba42fc5a0552a9'
Preparing Installation of "werkzeug==2.2.3; python_version >= 
'3.7' 
--hash=sha256:2e1ccc9417d4da358b9de6f174e3ac094391ea1d4fbef2d66
7865d819dfd0afe 
--hash=sha256:56433961bc1f12533306c624f3be5e744389ac61d722175d5
43e1751285da612"
$ /root/.local/share/virtualenvs/backend-c1cR_ZLv/bin/python 
/usr/local/lib/python3.10/dist-packages/pipenv/patched/pip/__pi
p-runner__.py install -i https://pypi.org/simple --no-input 
--upgrade --no-deps -r 
/tmp/pipenv-0qke1ocl-requirements/pipenv-6_4ywzro-reqs.txt
error: subprocess-exited-with-error
  
  × Building wheel for uwsgi (pyproject.toml) did not run 
successfully.
  │ exit code: 1
  ╰─> [200 lines of output]
      /tmp/pip-build-env-lwmgsbyi/overlay/lib/python3.10/site-p
ackages/setuptools/_vendor/wheel/bdist_wheel.py:4: 
FutureWarning: The 'wheel' package is no longer the canonical 
location of the 'bdist_wheel' command, and will be removed in a
future release. Please update to setuptools v70.1 or later 
which contains an integrated version of this command.
        warn(
      /tmp/pip-build-env-lwmgsbyi/overlay/lib/python3.10/site-p
ackages/setuptools/_distutils/dist.py:318: UserWarning: Unknown
distribution option: 'descriptions'
        warnings.warn(msg)
      /tmp/pip-build-env-lwmgsbyi/overlay/lib/python3.10/site-p
ackages/setuptools/dist.py:765: SetuptoolsDeprecationWarning: 
License classifiers are deprecated.
      !!
      
              *************************************************
*******************************
              Please consider removing the following 
classifiers in favor of a SPDX license expression:
      
              License :: OSI Approved :: GNU General Public 
License v2 or later (GPLv2+)
      
              See 
https://packaging.python.org/en/latest/guides/writing-pyproject
-toml/#license for details.
              *************************************************
*******************************
      
      !!
        self._finalize_license_expression()
      running bdist_wheel
      running build
      running build_py
      creating build/lib
      copying uwsgidecorators.py -> build/lib
      warning: build_py: byte-compiling is disabled, skipping.
      
      installing to build/bdist.linux-x86_64/wheel
      running install
      core/lock.c: In function ‘uwsgi_lock_fast_init’:
      core/lock.c:114:17: warning: 
‘pthread_mutexattr_setrobust_np’ is deprecated: 
pthread_mutexattr_setrobust_np is deprecated, use 
pthread_mutexattr_setrobust [-Wdeprecated-declarations]
        114 |                 if 
(pthread_mutexattr_setrobust(&attr, PTHREAD_MUTEX_ROBUST)) {
            |                 ^~
      In file included from /usr/include/features.h:486,
                       from 
/usr/include/x86_64-linux-gnu/bits/libc-header-start.h:33,
                       from /usr/include/stdio.h:27,
                       from ./uwsgi.h:165,
                       from core/lock.c:1:
      /usr/include/pthread.h:951:12: note: declared here
        951 | extern int __REDIRECT_NTH 
(pthread_mutexattr_setrobust_np,
            |            ^~~~~~~~~~~~~~
      core/lock.c: In function ‘uwsgi_lock_fast’:
      core/lock.c:176:17: warning: 
‘pthread_mutex_consistent_np’ is deprecated: 
pthread_mutex_consistent_np is deprecated, use 
pthread_mutex_consistent [-Wdeprecated-declarations]
        176 |                 
pthread_mutex_consistent((pthread_mutex_t *) uli->lock_ptr);
            |                 ^~~~~~~~~~~~~~~~~~~~~~~~
      In file included from /usr/include/features.h:486,
                       from 
/usr/include/x86_64-linux-gnu/bits/libc-header-start.h:33,
                       from /usr/include/stdio.h:27,
                       from ./uwsgi.h:165,
                       from core/lock.c:1:
      /usr/include/pthread.h:859:12: note: declared here
        859 | extern int __REDIRECT_NTH 
(pthread_mutex_consistent_np, (pthread_mutex_t *),
            |            ^~~~~~~~~~~~~~
      core/ssl.c: In function ‘uwsgi_ssl_new_server_context’:
      core/ssl.c:268:17: warning: ‘PEM_read_bio_DHparams’ is 
deprecated: Since OpenSSL 3.0 [-Wdeprecated-declarations]
        268 |                 DH *dh = 
PEM_read_bio_DHparams(bio, NULL, NULL, NULL);
            |                 ^~
      In file included from /usr/include/openssl/ssl.h:36,
                       from ./uwsgi.h:357,
                       from core/ssl.c:1:
      /usr/include/openssl/pem.h:469:1: note: declared here
        469 | DECLARE_PEM_rw_attr(OSSL_DEPRECATEDIN_3_0, 
DHparams, DH)
            | ^~~~~~~~~~~~~~~~~~~
      core/ssl.c:273:25: warning: ‘DH_free’ is deprecated: 
Since OpenSSL 3.0 [-Wdeprecated-declarations]
        273 |                         DH_free(dh);
            |                         ^~~~~~~
      In file included from /usr/include/openssl/dsa.h:51,
                       from /usr/include/openssl/x509.h:37,
                       from /usr/include/openssl/ssl.h:31,
                       from ./uwsgi.h:357,
                       from core/ssl.c:1:
      /usr/include/openssl/dh.h:204:28: note: declared here
        204 | OSSL_DEPRECATEDIN_3_0 void DH_free(DH *dh);
            |                            ^~~~~~~
      core/ssl.c:279:9: warning: ‘EC_KEY_new_by_curve_name’ is 
deprecated: Since OpenSSL 3.0 [-Wdeprecated-declarations]
        279 |         EC_KEY *ecdh = 
EC_KEY_new_by_curve_name(NID_X9_62_prime256v1);
            |         ^~~~~~
      In file included from /usr/include/openssl/x509.h:33,
                       from /usr/include/openssl/ssl.h:31,
                       from ./uwsgi.h:357,
                       from core/ssl.c:1:
      /usr/include/openssl/ec.h:998:31: note: declared here
        998 | OSSL_DEPRECATEDIN_3_0 EC_KEY 
*EC_KEY_new_by_curve_name(int nid);
            |                               
^~~~~~~~~~~~~~~~~~~~~~~~
      core/ssl.c:283:17: warning: ‘EC_KEY_free’ is deprecated: 
Since OpenSSL 3.0 [-Wdeprecated-declarations]
        283 |                 EC_KEY_free(ecdh);
            |                 ^~~~~~~~~~~
      In file included from /usr/include/openssl/x509.h:33,
                       from /usr/include/openssl/ssl.h:31,
                       from ./uwsgi.h:357,
                       from core/ssl.c:1:
      /usr/include/openssl/ec.h:1003:28: note: declared here
       1003 | OSSL_DEPRECATEDIN_3_0 void EC_KEY_free(EC_KEY 
*key);
            |                            ^~~~~~~~~~~
      core/ssl.c: In function ‘uwsgi_sha1’:
      core/ssl.c:563:9: warning: ‘SHA1_Init’ is deprecated: 
Since OpenSSL 3.0 [-Wdeprecated-declarations]
        563 |         SHA1_Init(&sha);
            |         ^~~~~~~~~
      In file included from /usr/include/openssl/x509.h:41,
                       from /usr/include/openssl/ssl.h:31,
                       from ./uwsgi.h:357,
                       from core/ssl.c:1:
      /usr/include/openssl/sha.h:49:27: note: declared here
         49 | OSSL_DEPRECATEDIN_3_0 int SHA1_Init(SHA_CTX *c);
            |                           ^~~~~~~~~
      core/ssl.c:564:9: warning: ‘SHA1_Update’ is deprecated: 
Since OpenSSL 3.0 [-Wdeprecated-declarations]
        564 |         SHA1_Update(&sha, src, len);
            |         ^~~~~~~~~~~
      In file included from /usr/include/openssl/x509.h:41,
                       from /usr/include/openssl/ssl.h:31,
                       from ./uwsgi.h:357,
                       from core/ssl.c:1:
      /usr/include/openssl/sha.h:50:27: note: declared here
         50 | OSSL_DEPRECATEDIN_3_0 int SHA1_Update(SHA_CTX *c,
const void *data, size_t len);
            |                           ^~~~~~~~~~~
      core/ssl.c:565:9: warning: ‘SHA1_Final’ is deprecated: 
Since OpenSSL 3.0 [-Wdeprecated-declarations]
        565 |         SHA1_Final((unsigned char *)dst, &sha);
            |         ^~~~~~~~~~
      In file included from /usr/include/openssl/x509.h:41,
                       from /usr/include/openssl/ssl.h:31,
                       from ./uwsgi.h:357,
                       from core/ssl.c:1:
      /usr/include/openssl/sha.h:51:27: note: declared here
         51 | OSSL_DEPRECATEDIN_3_0 int SHA1_Final(unsigned 
char *md, SHA_CTX *c);
            |                           ^~~~~~~~~~
      core/ssl.c: In function ‘uwsgi_md5’:
      core/ssl.c:571:9: warning: ‘MD5_Init’ is deprecated: 
Since OpenSSL 3.0 [-Wdeprecated-declarations]
        571 |         MD5_Init(&md5);
            |         ^~~~~~~~
      In file included from core/ssl.c:4:
      /usr/include/openssl/md5.h:49:27: note: declared here
         49 | OSSL_DEPRECATEDIN_3_0 int MD5_Init(MD5_CTX *c);
            |                           ^~~~~~~~
      core/ssl.c:572:9: warning: ‘MD5_Update’ is deprecated: 
Since OpenSSL 3.0 [-Wdeprecated-declarations]
        572 |         MD5_Update(&md5, src, len);
            |         ^~~~~~~~~~
      In file included from core/ssl.c:4:
      /usr/include/openssl/md5.h:50:27: note: declared here
         50 | OSSL_DEPRECATEDIN_3_0 int MD5_Update(MD5_CTX *c, 
const void *data, size_t len);
            |                           ^~~~~~~~~~
      core/ssl.c:573:9: warning: ‘MD5_Final’ is deprecated: 
Since OpenSSL 3.0 [-Wdeprecated-declarations]
        573 |         MD5_Final((unsigned char *)dst, &md5);
            |         ^~~~~~~~~
      In file included from core/ssl.c:4:
      /usr/include/openssl/md5.h:51:27: note: declared here
         51 | OSSL_DEPRECATEDIN_3_0 int MD5_Final(unsigned char
*md, MD5_CTX *c);
            |                           ^~~~~~~~~
      core/ssl.c: In function ‘uwsgi_sha1_2n’:
      core/ssl.c:579:9: warning: ‘SHA1_Init’ is deprecated: 
Since OpenSSL 3.0 [-Wdeprecated-declarations]
        579 |         SHA1_Init(&sha);
            |         ^~~~~~~~~
      In file included from /usr/include/openssl/x509.h:41,
                       from /usr/include/openssl/ssl.h:31,
                       from ./uwsgi.h:357,
                       from core/ssl.c:1:
      /usr/include/openssl/sha.h:49:27: note: declared here
         49 | OSSL_DEPRECATEDIN_3_0 int SHA1_Init(SHA_CTX *c);
            |                           ^~~~~~~~~
      core/ssl.c:580:9: warning: ‘SHA1_Update’ is deprecated: 
Since OpenSSL 3.0 [-Wdeprecated-declarations]
        580 |         SHA1_Update(&sha, s1, len1);
            |         ^~~~~~~~~~~
      In file included from /usr/include/openssl/x509.h:41,
                       from /usr/include/openssl/ssl.h:31,
                       from ./uwsgi.h:357,
                       from core/ssl.c:1:
      /usr/include/openssl/sha.h:50:27: note: declared here
         50 | OSSL_DEPRECATEDIN_3_0 int SHA1_Update(SHA_CTX *c,
const void *data, size_t len);
            |                           ^~~~~~~~~~~
      core/ssl.c:581:9: warning: ‘SHA1_Update’ is deprecated: 
Since OpenSSL 3.0 [-Wdeprecated-declarations]
        581 |         SHA1_Update(&sha, s2, len2);
            |         ^~~~~~~~~~~
      In file included from /usr/include/openssl/x509.h:41,
                       from /usr/include/openssl/ssl.h:31,
                       from ./uwsgi.h:357,
                       from core/ssl.c:1:
      /usr/include/openssl/sha.h:50:27: note: declared here
         50 | OSSL_DEPRECATEDIN_3_0 int SHA1_Update(SHA_CTX *c,
const void *data, size_t len);
            |                           ^~~~~~~~~~~
      core/ssl.c:582:9: warning: ‘SHA1_Final’ is deprecated: 
Since OpenSSL 3.0 [-Wdeprecated-declarations]
        582 |         SHA1_Final((unsigned char *)dst, &sha);
            |         ^~~~~~~~~~
      In file included from /usr/include/openssl/x509.h:41,
                       from /usr/include/openssl/ssl.h:31,
                       from ./uwsgi.h:357,
                       from core/ssl.c:1:
      /usr/include/openssl/sha.h:51:27: note: declared here
         51 | OSSL_DEPRECATEDIN_3_0 int SHA1_Final(unsigned 
char *md, SHA_CTX *c);
            |                           ^~~~~~~~~~
      In file included from plugins/python/python_plugin.c:1:
      plugins/python/uwsgi_python.h:4:10: fatal error: 
Python.h: No such file or directory
          4 | #include <Python.h>
            |          ^~~~~~~~~~
      compilation terminated.
      In file included from plugins/python/pyutils.c:1:
      plugins/python/uwsgi_python.h:4:10: fatal error: 
Python.h: No such file or directory
          4 | #include <Python.h>
            |          ^~~~~~~~~~
      compilation terminated.
      In file included from plugins/python/pyloader.c:1:
      plugins/python/uwsgi_python.h:4:10: fatal error: 
Python.h: No such file or directory
          4 | #include <Python.h>
            |          ^~~~~~~~~~
      compilation terminated.
      
  
  note: This error originates from a subprocess, and is likely 
not a problem with pip.
  ERROR: Failed building wheel for uwsgi
error: failed-wheel-build-for-install

× Failed to build installable wheels for some pyproject.toml 
based projects
╰─> uwsgi
error: subprocess-exited-with-error
  
  × Building wheel for uwsgi (pyproject.toml) did not run 
successfully.
  │ exit code: 1
  ╰─> [200 lines of output]
      /tmp/pip-build-env-lwmgsbyi/overlay/lib/python3.10/site-p
ackages/setuptools/_vendor/wheel/bdist_wheel.py:4: 
FutureWarning: The 'wheel' package is no longer the canonical 
location of the 'bdist_wheel' command, and will be removed in a
future release. Please update to setuptools v70.1 or later 
which contains an integrated version of this command.
        warn(
      /tmp/pip-build-env-lwmgsbyi/overlay/lib/python3.10/site-p
ackages/setuptools/_distutils/dist.py:318: UserWarning: Unknown
distribution option: 'descriptions'
        warnings.warn(msg)
      /tmp/pip-build-env-lwmgsbyi/overlay/lib/python3.10/site-p
ackages/setuptools/dist.py:765: SetuptoolsDeprecationWarning: 
License classifiers are deprecated.
      !!
      
              *************************************************
*******************************
              Please consider removing the following 
classifiers in favor of a SPDX license expression:
      
              License :: OSI Approved :: GNU General Public 
License v2 or later (GPLv2+)
      
              See 
https://packaging.python.org/en/latest/guides/writing-pyproject
-toml/#license for details.
              *************************************************
*******************************
      
      !!
        self._finalize_license_expression()
      running bdist_wheel
      running build
      running build_py
      creating build/lib
      copying uwsgidecorators.py -> build/lib
      warning: build_py: byte-compiling is disabled, skipping.
      
      installing to build/bdist.linux-x86_64/wheel
      running install
      core/lock.c: In function ‘uwsgi_lock_fast_init’:
      core/lock.c:114:17: warning: 
‘pthread_mutexattr_setrobust_np’ is deprecated: 
pthread_mutexattr_setrobust_np is deprecated, use 
pthread_mutexattr_setrobust [-Wdeprecated-declarations]
        114 |                 if 
(pthread_mutexattr_setrobust(&attr, PTHREAD_MUTEX_ROBUST)) {
            |                 ^~
      In file included from /usr/include/features.h:486,
                       from 
/usr/include/x86_64-linux-gnu/bits/libc-header-start.h:33,
                       from /usr/include/stdio.h:27,
                       from ./uwsgi.h:165,
                       from core/lock.c:1:
      /usr/include/pthread.h:951:12: note: declared here
        951 | extern int __REDIRECT_NTH 
(pthread_mutexattr_setrobust_np,
            |            ^~~~~~~~~~~~~~
      core/lock.c: In function ‘uwsgi_lock_fast’:
      core/lock.c:176:17: warning: 
‘pthread_mutex_consistent_np’ is deprecated: 
pthread_mutex_consistent_np is deprecated, use 
pthread_mutex_consistent [-Wdeprecated-declarations]
        176 |                 
pthread_mutex_consistent((pthread_mutex_t *) uli->lock_ptr);
            |                 ^~~~~~~~~~~~~~~~~~~~~~~~
      In file included from /usr/include/features.h:486,
                       from 
/usr/include/x86_64-linux-gnu/bits/libc-header-start.h:33,
                       from /usr/include/stdio.h:27,
                       from ./uwsgi.h:165,
                       from core/lock.c:1:
      /usr/include/pthread.h:859:12: note: declared here
        859 | extern int __REDIRECT_NTH 
(pthread_mutex_consistent_np, (pthread_mutex_t *),
            |            ^~~~~~~~~~~~~~
      core/ssl.c: In function ‘uwsgi_ssl_new_server_context’:
      core/ssl.c:268:17: warning: ‘PEM_read_bio_DHparams’ is 
deprecated: Since OpenSSL 3.0 [-Wdeprecated-declarations]
        268 |                 DH *dh = 
PEM_read_bio_DHparams(bio, NULL, NULL, NULL);
            |                 ^~
      In file included from /usr/include/openssl/ssl.h:36,
                       from ./uwsgi.h:357,
                       from core/ssl.c:1:
      /usr/include/openssl/pem.h:469:1: note: declared here
        469 | DECLARE_PEM_rw_attr(OSSL_DEPRECATEDIN_3_0, 
DHparams, DH)
            | ^~~~~~~~~~~~~~~~~~~
      core/ssl.c:273:25: warning: ‘DH_free’ is deprecated: 
Since OpenSSL 3.0 [-Wdeprecated-declarations]
        273 |                         DH_free(dh);
            |                         ^~~~~~~
      In file included from /usr/include/openssl/dsa.h:51,
                       from /usr/include/openssl/x509.h:37,
                       from /usr/include/openssl/ssl.h:31,
                       from ./uwsgi.h:357,
                       from core/ssl.c:1:
      /usr/include/openssl/dh.h:204:28: note: declared here
        204 | OSSL_DEPRECATEDIN_3_0 void DH_free(DH *dh);
            |                            ^~~~~~~
      core/ssl.c:279:9: warning: ‘EC_KEY_new_by_curve_name’ is 
deprecated: Since OpenSSL 3.0 [-Wdeprecated-declarations]
        279 |         EC_KEY *ecdh = 
EC_KEY_new_by_curve_name(NID_X9_62_prime256v1);
            |         ^~~~~~
      In file included from /usr/include/openssl/x509.h:33,
                       from /usr/include/openssl/ssl.h:31,
                       from ./uwsgi.h:357,
                       from core/ssl.c:1:
      /usr/include/openssl/ec.h:998:31: note: declared here
        998 | OSSL_DEPRECATEDIN_3_0 EC_KEY 
*EC_KEY_new_by_curve_name(int nid);
            |                               
^~~~~~~~~~~~~~~~~~~~~~~~
      core/ssl.c:283:17: warning: ‘EC_KEY_free’ is deprecated: 
Since OpenSSL 3.0 [-Wdeprecated-declarations]
        283 |                 EC_KEY_free(ecdh);
            |                 ^~~~~~~~~~~
      In file included from /usr/include/openssl/x509.h:33,
                       from /usr/include/openssl/ssl.h:31,
                       from ./uwsgi.h:357,
                       from core/ssl.c:1:
      /usr/include/openssl/ec.h:1003:28: note: declared here
       1003 | OSSL_DEPRECATEDIN_3_0 void EC_KEY_free(EC_KEY 
*key);
            |                            ^~~~~~~~~~~
      core/ssl.c: In function ‘uwsgi_sha1’:
      core/ssl.c:563:9: warning: ‘SHA1_Init’ is deprecated: 
Since OpenSSL 3.0 [-Wdeprecated-declarations]
        563 |         SHA1_Init(&sha);
            |         ^~~~~~~~~
      In file included from /usr/include/openssl/x509.h:41,
                       from /usr/include/openssl/ssl.h:31,
                       from ./uwsgi.h:357,
                       from core/ssl.c:1:
      /usr/include/openssl/sha.h:49:27: note: declared here
         49 | OSSL_DEPRECATEDIN_3_0 int SHA1_Init(SHA_CTX *c);
            |                           ^~~~~~~~~
      core/ssl.c:564:9: warning: ‘SHA1_Update’ is deprecated: 
Since OpenSSL 3.0 [-Wdeprecated-declarations]
        564 |         SHA1_Update(&sha, src, len);
            |         ^~~~~~~~~~~
      In file included from /usr/include/openssl/x509.h:41,
                       from /usr/include/openssl/ssl.h:31,
                       from ./uwsgi.h:357,
                       from core/ssl.c:1:
      /usr/include/openssl/sha.h:50:27: note: declared here
         50 | OSSL_DEPRECATEDIN_3_0 int SHA1_Update(SHA_CTX *c,
const void *data, size_t len);
            |                           ^~~~~~~~~~~
      core/ssl.c:565:9: warning: ‘SHA1_Final’ is deprecated: 
Since OpenSSL 3.0 [-Wdeprecated-declarations]
        565 |         SHA1_Final((unsigned char *)dst, &sha);
            |         ^~~~~~~~~~
      In file included from /usr/include/openssl/x509.h:41,
                       from /usr/include/openssl/ssl.h:31,
                       from ./uwsgi.h:357,
                       from core/ssl.c:1:
      /usr/include/openssl/sha.h:51:27: note: declared here
         51 | OSSL_DEPRECATEDIN_3_0 int SHA1_Final(unsigned 
char *md, SHA_CTX *c);
            |                           ^~~~~~~~~~
      core/ssl.c: In function ‘uwsgi_md5’:
      core/ssl.c:571:9: warning: ‘MD5_Init’ is deprecated: 
Since OpenSSL 3.0 [-Wdeprecated-declarations]
        571 |         MD5_Init(&md5);
            |         ^~~~~~~~
      In file included from core/ssl.c:4:
      /usr/include/openssl/md5.h:49:27: note: declared here
         49 | OSSL_DEPRECATEDIN_3_0 int MD5_Init(MD5_CTX *c);
            |                           ^~~~~~~~
      core/ssl.c:572:9: warning: ‘MD5_Update’ is deprecated: 
Since OpenSSL 3.0 [-Wdeprecated-declarations]
        572 |         MD5_Update(&md5, src, len);
            |         ^~~~~~~~~~
      In file included from core/ssl.c:4:
      /usr/include/openssl/md5.h:50:27: note: declared here
         50 | OSSL_DEPRECATEDIN_3_0 int MD5_Update(MD5_CTX *c, 
const void *data, size_t len);
            |                           ^~~~~~~~~~
      core/ssl.c:573:9: warning: ‘MD5_Final’ is deprecated: 
Since OpenSSL 3.0 [-Wdeprecated-declarations]
        573 |         MD5_Final((unsigned char *)dst, &md5);
            |         ^~~~~~~~~
      In file included from core/ssl.c:4:
      /usr/include/openssl/md5.h:51:27: note: declared here
         51 | OSSL_DEPRECATEDIN_3_0 int MD5_Final(unsigned char
*md, MD5_CTX *c);
            |                           ^~~~~~~~~
      core/ssl.c: In function ‘uwsgi_sha1_2n’:
      core/ssl.c:579:9: warning: ‘SHA1_Init’ is deprecated: 
Since OpenSSL 3.0 [-Wdeprecated-declarations]
        579 |         SHA1_Init(&sha);
            |         ^~~~~~~~~
      In file included from /usr/include/openssl/x509.h:41,
                       from /usr/include/openssl/ssl.h:31,
                       from ./uwsgi.h:357,
                       from core/ssl.c:1:
      /usr/include/openssl/sha.h:49:27: note: declared here
         49 | OSSL_DEPRECATEDIN_3_0 int SHA1_Init(SHA_CTX *c);
            |                           ^~~~~~~~~
      core/ssl.c:580:9: warning: ‘SHA1_Update’ is deprecated: 
Since OpenSSL 3.0 [-Wdeprecated-declarations]
        580 |         SHA1_Update(&sha, s1, len1);
            |         ^~~~~~~~~~~
      In file included from /usr/include/openssl/x509.h:41,
                       from /usr/include/openssl/ssl.h:31,
                       from ./uwsgi.h:357,
                       from core/ssl.c:1:
      /usr/include/openssl/sha.h:50:27: note: declared here
         50 | OSSL_DEPRECATEDIN_3_0 int SHA1_Update(SHA_CTX *c,
const void *data, size_t len);
            |                           ^~~~~~~~~~~
      core/ssl.c:581:9: warning: ‘SHA1_Update’ is deprecated: 
Since OpenSSL 3.0 [-Wdeprecated-declarations]
        581 |         SHA1_Update(&sha, s2, len2);
            |         ^~~~~~~~~~~
      In file included from /usr/include/openssl/x509.h:41,
                       from /usr/include/openssl/ssl.h:31,
                       from ./uwsgi.h:357,
                       from core/ssl.c:1:
      /usr/include/openssl/sha.h:50:27: note: declared here
         50 | OSSL_DEPRECATEDIN_3_0 int SHA1_Update(SHA_CTX *c,
const void *data, size_t len);
            |                           ^~~~~~~~~~~
      core/ssl.c:582:9: warning: ‘SHA1_Final’ is deprecated: 
Since OpenSSL 3.0 [-Wdeprecated-declarations]
        582 |         SHA1_Final((unsigned char *)dst, &sha);
            |         ^~~~~~~~~~
      In file included from /usr/include/openssl/x509.h:41,
                       from /usr/include/openssl/ssl.h:31,
                       from ./uwsgi.h:357,
                       from core/ssl.c:1:
      /usr/include/openssl/sha.h:51:27: note: declared here
         51 | OSSL_DEPRECATEDIN_3_0 int SHA1_Final(unsigned 
char *md, SHA_CTX *c);
            |                           ^~~~~~~~~~
      In file included from plugins/python/python_plugin.c:1:
      plugins/python/uwsgi_python.h:4:10: fatal error: 
Python.h: No such file or directory
          4 | #include <Python.h>
            |          ^~~~~~~~~~
      compilation terminated.
      In file included from plugins/python/pyutils.c:1:
      plugins/python/uwsgi_python.h:4:10: fatal error: 
Python.h: No such file or directory
          4 | #include <Python.h>
            |          ^~~~~~~~~~
      compilation terminated.
      In file included from plugins/python/pyloader.c:1:
      plugins/python/uwsgi_python.h:4:10: fatal error: 
Python.h: No such file or directory
          4 | #include <Python.h>
            |          ^~~~~~~~~~
      compilation terminated.
      
  
  note: This error originates from a subprocess, and is likely 
not a problem with pip.
  ERROR: Failed building wheel for uwsgi
error: failed-wheel-build-for-install

× Failed to build installable wheels for some pyproject.toml 
based projects
╰─> uwsgi
ERROR: Couldn't install package(s): attrs==22.2.0; 
python_version >= '3.6' 
--hash=sha256:29e95c7f6778868dbd49170f98f8818f78f3dc5e0e37c0b1f
474e3561b240836 
--hash=sha256:c9227bfc2f01993c03f68db37d1d15c9690188323c067c641
f1a35ca58185f99, click==8.1.3; python_version >= '3.7' 
--hash=sha256:7682dc8afb30297001674575ea00d1814d808d6a36af415a8
2bd481d37ba7b8e 
--hash=sha256:bb4d8133cb15a609f44e8213d9b391b0809795062913b383c
62be0ee95b1db48, exceptiongroup==1.1.0; python_version < '3.11'
--hash=sha256:327cbda3da756e2de031a3107b81ab7b3770a602c4d16ca61
8298c526f4bec1e 
--hash=sha256:bcb67d800a4497e1b404c2dd44fca47d3b7a5e5433dbab67f
96c1a685cdfdf23, flask==2.2.3 
--hash=sha256:7eb373984bf1c770023fce9db164ed0c3353cd0b53f130f46
93da0ca756a2e6d 
--hash=sha256:c0bec9477df1cb867e5a67c9e1ab758de9cb4a3e52dd70681
f59fa40a62b3f2d, flask-cors==3.0.10 
--hash=sha256:74efc975af1194fc7891ff5cd85b0f7478be4f7f59fe15810
2e91abb72bb4438 
--hash=sha256:b60839393f3b84a0f3746f6cdca56c1ad7426aa738b70d6c6
1375857823181de, iniconfig==2.0.0; python_version >= '3.7' 
--hash=sha256:2d91e135bf72d31a410b17c16da610a82cb55f6b0477d1a90
2134b24a455b8b3 
--hash=sha256:b6a85871a79d2e3b22d2d1b94ac2824226a63c6b741c88f7a
e975f18b6778374, itsdangerous==2.1.2; python_version >= '3.7' 
--hash=sha256:2c2349112351b88699d8d4b6b075022c0808887cb7ad10069
318a8b0bc88db44 
--hash=sha256:5dbbc68b317e5e42f327f9021763545dc3fc3bfe22e6deb96
aaf1fc38874156a, jinja2==3.1.2; python_version >= '3.7' 
--hash=sha256:31351a702a408a9e7595a8fc6150fc3f43bb6bf7e319770cb
c0db9df9437e852 
--hash=sha256:6088930bfe239f0e6710546ab9c19c9ef35e29792895fed6e
6e31a023a182a61, markupsafe==2.1.2; python_version >= '3.7' 
--hash=sha256:0576fe974b40a400449768941d5d0858cc624e3249dfd1e0c
33674e5c7ca7aed 
--hash=sha256:085fd3201e7b12809f9e6e9bc1e5c96a368c8523fad5afb02
afe3c051ae4afcc 
--hash=sha256:090376d812fb6ac5f171e5938e82e7f2d7adc2b629101cec0
db8b267815c85e2 
--hash=sha256:0b462104ba25f1ac006fdab8b6a01ebbfbce9ed37fd37fd4a
cd70c67c973e460 
--hash=sha256:137678c63c977754abe9086a3ec011e8fd985ab90631145df
b9294ad09c102a7 
--hash=sha256:1bea30e9bf331f3fef67e0a3877b2288593c98a21ccb2cf29
b74c581a4eb3af0 
--hash=sha256:22152d00bf4a9c7c83960521fc558f55a1adbc0631fbb00a9
471e097b19d72e1 
--hash=sha256:22731d79ed2eb25059ae3df1dfc9cb1546691cc41f4e3130f
e6bfbc3ecbbecfa 
--hash=sha256:2298c859cfc5463f1b64bd55cb3e602528db6fa0f3cfd568d
3605c50678f8f03 
--hash=sha256:28057e985dace2f478e042eaa15606c7efccb700797660629
da387eb289b9323 
--hash=sha256:2e7821bffe00aa6bd07a23913b7f4e01328c3d5cc0b40b36c
0bd81d362faeb65 
--hash=sha256:2ec4f2d48ae59bbb9d1f9d7efb9236ab81429a764dedca114
f5fdabbc3788013 
--hash=sha256:340bea174e9761308703ae988e982005aedf427de816d1afe
98147668cc03036 
--hash=sha256:40627dcf047dadb22cd25ea7ecfe9cbf3bbbad0482ee5920b
582f3809c97654f 
--hash=sha256:40dfd3fefbef579ee058f139733ac336312663c6706d1163b
82b3003fb1925c4 
--hash=sha256:4cf06cdc1dda95223e9d2d3c58d3b178aa5dacb35ee7e3bba
c10e4e1faacb419 
--hash=sha256:50c42830a633fa0cf9e7d27664637532791bfc31c731a87b2
02d2d8ac40c3ea2 
--hash=sha256:55f44b440d491028addb3b88f72207d71eeebfb7b5dbf0643
f7c023ae1fba619 
--hash=sha256:608e7073dfa9e38a85d38474c082d4281f4ce276ac0010224
eaba11e929dd53a 
--hash=sha256:63ba06c9941e46fa389d389644e2d8225e0e3e5ebcc4ff1ea
8506dce646f8c8a 
--hash=sha256:65608c35bfb8a76763f37036547f7adfd09270fbdbf96608b
e2bead319728fcd 
--hash=sha256:665a36ae6f8f20a4676b53224e33d456a6f5a72657d9c83c2
aa00765072f31f7 
--hash=sha256:6d6607f98fcf17e534162f0709aaad3ab7a96032723d8ac87
50ffe17ae5a0666 
--hash=sha256:7313ce6a199651c4ed9d7e4cfb4aa56fe923b1adf9af3b420
ee14e6d9a73df65 
--hash=sha256:7668b52e102d0ed87cb082380a7e2e1e78737ddecdde129ac
adb0eccc5423859 
--hash=sha256:7df70907e00c970c60b9ef2938d894a9381f38e6b9db73c5b
e35e59d92e06625 
--hash=sha256:7e007132af78ea9df29495dbf7b5824cb71648d7133cf7848
a2a5dd00d36f9ff 
--hash=sha256:835fb5e38fd89328e9c81067fd642b3593c33e1e17e2fdbf7
7f5676abb14a156 
--hash=sha256:8bca7e26c1dd751236cfb0c6c72d4ad61d986e9a41bbf76cb
445f69488b2a2bd 
--hash=sha256:8db032bf0ce9022a8e41a22598eefc802314e81b879ae093f
36ce9ddf39ab1ba 
--hash=sha256:99625a92da8229df6d44335e6fcc558a5037dd0a760e11d84
be2260e6f37002f 
--hash=sha256:9cad97ab29dfc3f0249b483412c85c8ef4766d96cdf9dcf5a
1e3caa3f3661cf1 
--hash=sha256:a4abaec6ca3ad8660690236d11bfe28dfd707778e2442b45a
ddd2f086d6ef094 
--hash=sha256:a6e40afa7f45939ca356f348c8e23048e02cb109ced1eb842
0961b2f40fb373a 
--hash=sha256:a6f2fcca746e8d5910e18782f976489939d54a91f9411c320
51b4aab2bd7c513 
--hash=sha256:a806db027852538d2ad7555b203300173dd1b77ba116de92d
a9afbc3a3be3eed 
--hash=sha256:abcabc8c2b26036d62d4c746381a6f7cf60aafcc653198ad6
78306986b09450d 
--hash=sha256:b8526c6d437855442cdd3d87eede9c425c4445ea011ca38d9
37db299382e6fa3 
--hash=sha256:bb06feb762bade6bf3c8b844462274db0c76acc95c52abe8d
bed28ae3d44a147 
--hash=sha256:c0a33bc9f02c2b17c3ea382f91b4db0e6cde90b63b296422a
939886a7a80de1c 
--hash=sha256:c4a549890a45f57f1ebf99c067a4ad0cb423a05544accaf2b
065246827ed9603 
--hash=sha256:ca244fa73f50a800cf8c3ebf7fd93149ec37f5cb9596aa887
3ae2c1d23498601 
--hash=sha256:cf877ab4ed6e302ec1d04952ca358b381a882fbd9d1b07ccc
bfd61783561f98a 
--hash=sha256:d9d971ec1e79906046aa3ca266de79eac42f1dbf3612a05dc
9368125952bd1a1 
--hash=sha256:da25303d91526aac3672ee6d49a2f3db2d9502a4a60b55519
feb1a4c7714e07d 
--hash=sha256:e55e40ff0cc8cc5c07996915ad367fa47da6b3fc091fdadca
7f5403239c5fec3 
--hash=sha256:f03a532d7dee1bed20bc4884194a16160a2de9ffc6354b387
8ec9682bb623c54 
--hash=sha256:f1cd098434e83e656abf198f103a8207a8187c0fc11030669
1a2e94a78d0abb2 
--hash=sha256:f2bfb563d0211ce16b63c7cb9395d2c682a23187f54c3d79b
fec33e6705473c6 
--hash=sha256:f8ffb705ffcf5ddd0e80b65ddf7bed7ee4f5a441ea7d3419e
861a12eaf41af58, packaging==23.0; python_version >= '3.7' 
--hash=sha256:714ac14496c3e68c99c29b00845f7a2b85f3bb6f1078fd9f7
2fd20f0570002b2 
--hash=sha256:b6ad297f8907de0fa2fe1ccbd26fdaf387f5f47c7275fedf8
cce89f99446cf97, ...
Package installation failed...
